C51 COMPILER V8.05a   MAIN                                                                 05/21/2013 16:44:30 PAGE 1   


C51 COMPILER V8.05a, COMPILATION OF MODULE MAIN
OBJECT MODULE PLACED IN main.OBJ
COMPILER INVOKED BY: D:\Keil\C51\BIN\C51.EXE main.c BROWSE DEBUG OBJECTEXTEND

line level    source

   1          #include <reg51.h>
   2          
   3          typedef unsigned int  uint;
   4          typedef unsigned char uchar;
   5          
   6          uchar code nnum[]={0x3f,0x30,0x5b,0x4f,0x66,0x6d,0x7d,0x07,0x7f,0x6f};   //0--9 共阴极
   7          uchar code onum[]={0xC0,0xF9,0xA4,0xB0,0x99,0x92,0x82,0xF8,0x80,0x90};   //0--9 共阳极
   8          
   9          void delay(uint time);
  10          void show_num(int num);
  11          
  12          void main()
  13          {               
  14   1              int i = 23;
  15   1              while (1)
  16   1              {               
  17   2                      show_num(i);
  18   2                                              
  19   2              }
  20   1      }
  21          
  22          void show_num(int num)
  23          {
  24   1                      P0 = 0x01;
  25   1                      P1 = onum[num%10];
  26   1                      delay(10);
  27   1                      //P0 = 0x00;
  28   1                      
  29   1                      P0 = 0x02;
  30   1                      P1 = onum[num/10];
  31   1                      delay(10);
  32   1                      //P0 = 0x00;    
  33   1      }
  34          
  35          void delay(uint time)
  36          {
  37   1              uint i = 110;
  38   1              while (time --)
  39   1              {
  40   2                      while (i --);
  41   2                      i = 110;
  42   2              }
  43   1      }


MODULE INFORMATION:   STATIC OVERLAYABLE
   CODE SIZE        =    120    ----
   CONSTANT SIZE    =     20    ----
   XDATA SIZE       =   ----    ----
   PDATA SIZE       =   ----    ----
   DATA SIZE        =   ----       4
   IDATA SIZE       =   ----    ----
   BIT SIZE         =   ----    ----
END OF MODULE INFORMATION.


C51 COMPILATION COMPLETE.  0 WARNING(S),  0 ERROR(S)
