C51 COMPILER V9.52.0.0   TIMER                                                             11/03/2013 09:17:43 PAGE 1   


C51 COMPILER V9.52.0.0, COMPILATION OF MODULE TIMER
OBJECT MODULE PLACED IN timer.OBJ
COMPILER INVOKED BY: E:\C51Keil\C51\BIN\C51.EXE timer.c BROWSE DEBUG OBJECTEXTEND

line level    source

   1          #include "timer.h"
   2          
   3          void I_init()
   4          {
   5   1          IE = 0x82;
   6   1      }
   7          
   8          void T_init()
   9          {
  10   1          TCON = 0x10;
  11   1          TMOD = 0x01;
  12   1          TH0  = 0x00;
  13   1          TL0  = 0x00;
  14   1          AUXR |= 0x80;
  15   1      }
  16          
  17          void T0_Routine() interrupt 1
  18          {
  19   1          TH0  = 0x00;
  20   1          TL0  = 0x44;
  21   1          L0 = ~L0;
  22   1      }


MODULE INFORMATION:   STATIC OVERLAYABLE
   CODE SIZE        =     28    ----
   CONSTANT SIZE    =   ----    ----
   XDATA SIZE       =   ----    ----
   PDATA SIZE       =   ----    ----
   DATA SIZE        =   ----    ----
   IDATA SIZE       =   ----    ----
   BIT SIZE         =   ----    ----
END OF MODULE INFORMATION.


C51 COMPILATION COMPLETE.  0 WARNING(S),  0 ERROR(S)
