C51 COMPILER V8.02   LED                                                                   03/03/2013 10:13:55 PAGE 1   


C51 COMPILER V8.02, COMPILATION OF MODULE LED
OBJECT MODULE PLACED IN led.OBJ
COMPILER INVOKED BY: F:\Keil\C51\BIN\C51.EXE led.c BROWSE DEBUG OBJECTEXTEND

line level    source

   1          #include <reg52.h>
   2          
   3          sbit Oled =   P1^2;
   4          sbit Cdigit = P1^1;
   5          sbit C8x8  =  P1^3;
   6          sbit Led = P0^0;
   7          unsigned int i, j;
   8          
   9          void init();
  10          void delay(unsigned int time);
  11          
  12          void main()
  13          {
  14   1              init();
  15   1              //Oled = 1;
  16   1              while(1);
  17   1              {
  18   2                      Led = 0;
  19   2                      delay(150);
  20   2              }
  21   1      }
  22          
  23          void init()
  24          {
  25   1              P0 = 0x00;
  26   1              C8x8 = 0;
  27   1              P0 = 0xFF;
  28   1              Cdigit = 0;
  29   1      }
  30          
  31          void delay(unsigned int time)
  32          {
  33   1      
  34   1              for(i = time; i > 0; i --)
  35   1                      for (j = 110; j > 0; j --);
  36   1      }


MODULE INFORMATION:   STATIC OVERLAYABLE
   CODE SIZE        =     62    ----
   CONSTANT SIZE    =   ----    ----
   XDATA SIZE       =   ----    ----
   PDATA SIZE       =   ----    ----
   DATA SIZE        =      4    ----
   IDATA SIZE       =   ----    ----
   BIT SIZE         =   ----    ----
END OF MODULE INFORMATION.


C51 COMPILATION COMPLETE.  0 WARNING(S),  0 ERROR(S)
