C51 COMPILER V8.02   TEXT2                                                                 03/03/2013 10:50:05 PAGE 1   


C51 COMPILER V8.02, COMPILATION OF MODULE TEXT2
OBJECT MODULE PLACED IN Text2.OBJ
COMPILER INVOKED BY: F:\Keil\C51\BIN\C51.EXE Text2.c BROWSE DEBUG OBJECTEXTEND

line level    source

   1          #include <reg51.h>
   2          typedef unsigned int uint;
   3          
   4          sbit led = P0^2;
   5          sbit biaozhi1= P1^3;
   6          sbit biaozhi = P1^1;
   7          
   8          void init();
   9          void delay(uint time);
  10          uint j, k;
  11          
  12          void main()
  13          {
  14   1              init();
  15   1              while(1)
  16   1              {
  17   2                      for (j = 0; j < 256; j ++)
  18   2                      {
  19   3                              led = ~led;
  20   3                              for(k = 0; k < j; k ++);
  21   3                              led = ~led;
  22   3                              for (k = 256; k > j; k --); 
  23   3                      }
  24   2              }
  25   1      }
  26          
  27          void init()
  28          {
  29   1              P0 = 0x00;
  30   1              biaozhi1 = 0;
  31   1              P0 = 0xFF;
  32   1              biaozhi = 0;
  33   1      }
  34          
  35          void delay(uint time)
  36          {
  37   1              uint i = 70;
  38   1              while(time --)
  39   1              {
  40   2                      while(i --);
  41   2                      i = 70;
  42   2              }
  43   1      }


MODULE INFORMATION:   STATIC OVERLAYABLE
   CODE SIZE        =    125    ----
   CONSTANT SIZE    =   ----    ----
   XDATA SIZE       =   ----    ----
   PDATA SIZE       =   ----    ----
   DATA SIZE        =      4    ----
   IDATA SIZE       =   ----    ----
   BIT SIZE         =   ----    ----
END OF MODULE INFORMATION.


C51 COMPILATION COMPLETE.  0 WARNING(S),  0 ERROR(S)
